16:19:40 **** Incremental Build of configuration Debug for project dijkstra_ram ****
make all 
make --no-print-directory pre-build
a9-linaro-pre-build-step
' '
make --no-print-directory main-build
'Building file: ../src/helloworld.c'
'Invoking: ARM v7 gcc compiler'
arm-none-eabi-gcc -Wall -O0 -g3 -c -fmessage-length=0 -MT"src/helloworld.o" -mcpu=cortex-a9 -mfpu=vfpv3 -mfloat-abi=hard -ID:/projets/2020_2/project_DIJKSTRA/vitis_ram/design_dijkstra_ram_wrapper/export/design_dijkstra_ram_wrapper/sw/design_dijkstra_ram_wrapper/standalone_ps7_cortexa9_0/bspinclude/include -MMD -MP -MF"src/helloworld.d" -MT"src/helloworld.o" -o "src/helloworld.o" "../src/helloworld.c"
'Finished building: ../src/helloworld.c'
' '
'Building target: dijkstra_ram.elf'
'Invoking: ARM v7 gcc linker'
arm-none-eabi-gcc -mcpu=cortex-a9 -mfpu=vfpv3 -mfloat-abi=hard -Wl,-build-id=none -specs=Xilinx.spec -Wl,-T -Wl,../src/lscript.ld -LD:/projets/2020_2/project_DIJKSTRA/vitis_ram/design_dijkstra_ram_wrapper/export/design_dijkstra_ram_wrapper/sw/design_dijkstra_ram_wrapper/standalone_ps7_cortexa9_0/bsplib/lib -o "dijkstra_ram.elf"  ./src/helloworld.o ./src/platform.o   -Wl,--start-group,-lxil,-lgcc,-lc,--end-group
'Finished building target: dijkstra_ram.elf'
' '
'Invoking: ARM v7 Print Size'
arm-none-eabi-size dijkstra_ram.elf  |tee "dijkstra_ram.elf.size"
   text	   data	    bss	    dec	    hex	filename
  50380	   2548	  22640	  75568	  12730	dijkstra_ram.elf
'Finished building: dijkstra_ram.elf.size'
' '

16:19:42 Build Finished (took 1s.965ms)

