Nothing to build in platform 'design_IP_RFID_wrapper'

11:34:55 **** Incremental Build of configuration Debug for project RFID ****
make all 
make --no-print-directory pre-build
a9-linaro-pre-build-step
' '
make --no-print-directory main-build
'Building file: ../src/helloworld.c'
'Invoking: ARM v7 gcc compiler'
arm-none-eabi-gcc -Wall -O0 -g3 -c -fmessage-length=0 -MT"src/helloworld.o" -mcpu=cortex-a9 -mfpu=vfpv3 -mfloat-abi=hard -ID:/projets/2020_2/project_RFID/vitis/design_IP_RFID_wrapper/export/design_IP_RFID_wrapper/sw/design_IP_RFID_wrapper/standalone_ps7_cortexa9_0/bspinclude/include -MMD -MP -MF"src/helloworld.d" -MT"src/helloworld.o" -o "src/helloworld.o" "../src/helloworld.c"
'Finished building: ../src/helloworld.c'
' '
'Building target: RFID.elf'
'Invoking: ARM v7 gcc linker'
arm-none-eabi-gcc -mcpu=cortex-a9 -mfpu=vfpv3 -mfloat-abi=hard -Wl,-build-id=none -specs=Xilinx.spec -Wl,-T -Wl,../src/lscript.ld -LD:/projets/2020_2/project_RFID/vitis/design_IP_RFID_wrapper/export/design_IP_RFID_wrapper/sw/design_IP_RFID_wrapper/standalone_ps7_cortexa9_0/bsplib/lib -o "RFID.elf"  ./src/helloworld.o ./src/platform.o   -Wl,--start-group,-lxil,-lgcc,-lc,--end-group
'Finished building target: RFID.elf'
' '
'Invoking: ARM v7 Print Size'
arm-none-eabi-size RFID.elf  |tee "RFID.elf.size"
   text	   data	    bss	    dec	    hex	filename
  51076	   2548	  22640	  76264	  129e8	RFID.elf
'Finished building: RFID.elf.size'
' '
