16:13:57 **** Incremental Build of configuration Debug for project IMU_project ****
make all 
make --no-print-directory pre-build
a9-linaro-pre-build-step
' '
make --no-print-directory main-build
'Building file: ../src/helloworld.c'
'Invoking: ARM v7 gcc compiler'
arm-none-eabi-gcc -Wall -O0 -g3 -c -fmessage-length=0 -MT"src/helloworld.o" -mcpu=cortex-a9 -mfpu=vfpv3 -mfloat-abi=hard -ID:/projets/2020_2/project_IMU/vitis/design_IMU_AXI_wrapper/export/design_IMU_AXI_wrapper/sw/design_IMU_AXI_wrapper/standalone_ps7_cortexa9_0/bspinclude/include -MMD -MP -MF"src/helloworld.d" -MT"src/helloworld.o" -o "src/helloworld.o" "../src/helloworld.c"
'Finished building: ../src/helloworld.c'
' '
'Building target: IMU_project.elf'
'Invoking: ARM v7 gcc linker'
arm-none-eabi-gcc -mcpu=cortex-a9 -mfpu=vfpv3 -mfloat-abi=hard -Wl,-build-id=none -specs=Xilinx.spec -Wl,-T -Wl,../src/lscript.ld -LD:/projets/2020_2/project_IMU/vitis/design_IMU_AXI_wrapper/export/design_IMU_AXI_wrapper/sw/design_IMU_AXI_wrapper/standalone_ps7_cortexa9_0/bsplib/lib -o "IMU_project.elf"  ./src/helloworld.o ./src/platform.o   -Wl,--start-group,-lxil,-lgcc,-lc,--end-group
'Finished building target: IMU_project.elf'
' '
'Invoking: ARM v7 Print Size'
arm-none-eabi-size IMU_project.elf  |tee "IMU_project.elf.size"
   text	   data	    bss	    dec	    hex	filename
  50540	   2548	  22640	  75728	  127d0	IMU_project.elf
'Finished building: IMU_project.elf.size'
' '

16:13:59 Build Finished (took 1s.921ms)

