16:18:00 **** Incremental Build of configuration Debug for project dijkstra ****
make all 
make --no-print-directory pre-build
a9-linaro-pre-build-step
' '
make --no-print-directory main-build
'Building file: ../src/helloworld.c'
'Invoking: ARM v7 gcc compiler'
arm-none-eabi-gcc -Wall -O0 -g3 -c -fmessage-length=0 -MT"src/helloworld.o" -mcpu=cortex-a9 -mfpu=vfpv3 -mfloat-abi=hard -ID:/projets/2020_2/project_FPGA/vitis_dijkstra/design_dijkstra_ram_wrapper/export/design_dijkstra_ram_wrapper/sw/design_dijkstra_ram_wrapper/standalone_ps7_cortexa9_0/bspinclude/include -MMD -MP -MF"src/helloworld.d" -MT"src/helloworld.o" -o "src/helloworld.o" "../src/helloworld.c"
../src/helloworld.c: In function 'main':
../src/helloworld.c:82:36: warning: format '%lx' expects argument of type 'long unsigned int', but argument 2 has type 'int32_t *' {aka 'long int *'} [-Wformat=]
   82 |   printf("Read ram address : 0x%08lx & read ram value 0x%08lx \n\r", addr_ram+11+i,*(addr_ram+11+i));
      |                                ~~~~^                                 ~~~~~~~~~~~~~
      |                                    |                                            |
      |                                    long unsigned int                            int32_t * {aka long int *}
      |                                %08ln
../src/helloworld.c:96:36: warning: format '%lx' expects argument of type 'long unsigned int', but argument 2 has type 'int32_t *' {aka 'long int *'} [-Wformat=]
   96 |   printf("Read ram address : 0x%08lx & read ram value 0x%08lx \n\r", addr_ram+11+i,*(addr_ram+11+i));
      |                                ~~~~^                                 ~~~~~~~~~~~~~
      |                                    |                                            |
      |                                    long unsigned int                            int32_t * {aka long int *}
      |                                %08ln
../src/helloworld.c:101:32: warning: format '%lx' expects argument of type 'long unsigned int', but argument 2 has type 'int32_t *' {aka 'long int *'} [-Wformat=]
  101 |  printf("Read flag off : 0x%08lx \n\r", (addr_dijkstra+1));
      |                            ~~~~^        ~~~~~~~~~~~~~~~~~
      |                                |                      |
      |                                long unsigned int      int32_t * {aka long int *}
      |                            %08ln
../src/helloworld.c:111:36: warning: format '%lx' expects argument of type 'long unsigned int', but argument 2 has type 'int32_t *' {aka 'long int *'} [-Wformat=]
  111 |   printf("Read ram address : 0x%08lx & read ram value 0x%08lx \n\r", addr_ram+11+i,*(addr_ram+11+i));
      |                                ~~~~^                                 ~~~~~~~~~~~~~
      |                                    |                                            |
      |                                    long unsigned int                            int32_t * {aka long int *}
      |                                %08ln
'Finished building: ../src/helloworld.c'
' '
'Building file: ../src/platform.c'
'Invoking: ARM v7 gcc compiler'
arm-none-eabi-gcc -Wall -O0 -g3 -c -fmessage-length=0 -MT"src/platform.o" -mcpu=cortex-a9 -mfpu=vfpv3 -mfloat-abi=hard -ID:/projets/2020_2/project_FPGA/vitis_dijkstra/design_dijkstra_ram_wrapper/export/design_dijkstra_ram_wrapper/sw/design_dijkstra_ram_wrapper/standalone_ps7_cortexa9_0/bspinclude/include -MMD -MP -MF"src/platform.d" -MT"src/platform.o" -o "src/platform.o" "../src/platform.c"
'Finished building: ../src/platform.c'
' '
'Building target: dijkstra.elf'
'Invoking: ARM v7 gcc linker'
arm-none-eabi-gcc -mcpu=cortex-a9 -mfpu=vfpv3 -mfloat-abi=hard -Wl,-build-id=none -specs=Xilinx.spec -Wl,-T -Wl,../src/lscript.ld -LD:/projets/2020_2/project_FPGA/vitis_dijkstra/design_dijkstra_ram_wrapper/export/design_dijkstra_ram_wrapper/sw/design_dijkstra_ram_wrapper/standalone_ps7_cortexa9_0/bsplib/lib -o "dijkstra.elf"  ./src/helloworld.o ./src/platform.o   -Wl,--start-group,-lxil,-lgcc,-lc,--end-group
'Finished building target: dijkstra.elf'
' '
'Invoking: ARM v7 Print Size'
arm-none-eabi-size dijkstra.elf  |tee "dijkstra.elf.size"
   text	   data	    bss	    dec	    hex	filename
  51364	   2556	  22656	  76576	  12b20	dijkstra.elf
'Finished building: dijkstra.elf.size'
' '

16:18:03 Build Finished (took 2s.469ms)

