Copyright 1986-2020 Xilinx, Inc. All Rights Reserved.
------------------------------------------------------------------------------------------------
| Tool Version : Vivado v.2020.1 (win64) Build 2902540 Wed May 27 19:54:49 MDT 2020
| Date         : Wed Jun  1 16:43:31 2022
| Host         : D-14JM0W2 running 64-bit major release  (build 9200)
| Command      : report_control_sets -verbose -file design_UART_wrapper_control_sets_placed.rpt
| Design       : design_UART_wrapper
| Device       : xc7z020
------------------------------------------------------------------------------------------------

Control Set Information

Table of Contents
-----------------
1. Summary
2. Histogram
3. Flip-Flop Distribution
4. Detailed Control Set Information

1. Summary
----------

+----------------------------------------------------------+-------+
|                          Status                          | Count |
+----------------------------------------------------------+-------+
| Total control sets                                       |     7 |
|    Minimum number of control sets                        |     7 |
|    Addition due to synthesis replication                 |     0 |
|    Addition due to physical synthesis replication        |     0 |
| Unused register locations in slices containing registers |    16 |
+----------------------------------------------------------+-------+
* Control sets can be merged at opt_design using control_set_merge or merge_equivalent_drivers
** Run report_qor_suggestions for automated merging and remapping suggestions


2. Histogram
------------

+--------------------+-------+
|       Fanout       | Count |
+--------------------+-------+
| Total control sets |     7 |
| >= 0 to < 4        |     0 |
| >= 4 to < 6        |     3 |
| >= 6 to < 8        |     1 |
| >= 8 to < 10       |     1 |
| >= 10 to < 12      |     0 |
| >= 12 to < 14      |     0 |
| >= 14 to < 16      |     1 |
| >= 16              |     1 |
+--------------------+-------+
* Control sets can be remapped at either synth_design or opt_design


3. Flip-Flop Distribution
-------------------------

+--------------+-----------------------+------------------------+-----------------+--------------+
| Clock Enable | Synchronous Set/Reset | Asynchronous Set/Reset | Total Registers | Total Slices |
+--------------+-----------------------+------------------------+-----------------+--------------+
| No           | No                    | No                     |               4 |            2 |
| No           | No                    | Yes                    |               0 |            0 |
| No           | Yes                   | No                     |              40 |           17 |
| Yes          | No                    | No                     |               6 |            2 |
| Yes          | No                    | Yes                    |               0 |            0 |
| Yes          | Yes                   | No                     |              30 |            8 |
+--------------+-----------------------+------------------------+-----------------+--------------+


4. Detailed Control Set Information
-----------------------------------

+----------------+------------------------------------------------------------------------------------------------+--------------------------------------------------------------------------+------------------+----------------+--------------+
|  Clock Signal  |                                          Enable Signal                                         |                             Set/Reset Signal                             | Slice Load Count | Bel Load Count | Bels / Slice |
+----------------+------------------------------------------------------------------------------------------------+--------------------------------------------------------------------------+------------------+----------------+--------------+
|  clk_IBUF_BUFG |                                                                                                |                                                                          |                2 |              4 |         2.00 |
|  clk_IBUF_BUFG | design_UART_i/UART_controller_0/U0/UART_transceiver/receiver/bit_duration_count[3]_i_1_n_0     | rst_IBUF                                                                 |                1 |              4 |         4.00 |
|  clk_IBUF_BUFG | design_UART_i/UART_controller_0/U0/UART_transceiver/transmitter/FSM_onehot_tx_state[3]_i_1_n_0 | rst_IBUF                                                                 |                1 |              4 |         4.00 |
|  clk_IBUF_BUFG | design_UART_i/UART_controller_0/U0/UART_transceiver/transmitter/stored_data_0                  |                                                                          |                2 |              6 |         3.00 |
|  clk_IBUF_BUFG | design_UART_i/UART_controller_0/U0/UART_transceiver/receiver/rx_data_out[7]_i_1_n_0            | rst_IBUF                                                                 |                2 |              8 |         4.00 |
|  clk_IBUF_BUFG | design_UART_i/UART_controller_0/U0/tx_button_controller/count0_carry__0_n_3                    | design_UART_i/UART_controller_0/U0/tx_button_controller/count[0]_i_1_n_0 |                4 |             14 |         3.50 |
|  clk_IBUF_BUFG |                                                                                                | rst_IBUF                                                                 |               17 |             40 |         2.35 |
+----------------+------------------------------------------------------------------------------------------------+--------------------------------------------------------------------------+------------------+----------------+--------------+


